0 verbose cli C:\Program Files\nodejs\node.exe C:\Users\computer hub\AppData\Roaming\npm\node_modules\npm\bin\npm-cli.js
1 info using npm@11.6.0
2 info using node@v24.11.1
3 silly config load:file:C:\Users\computer hub\AppData\Roaming\npm\node_modules\npm\npmrc
4 silly config load:file:c:\Users\computer hub\Desktop\nextjs\my-app\.npmrc
5 silly config load:file:C:\Users\computer hub\.npmrc
6 silly config load:file:C:\Users\computer hub\AppData\Roaming\npm\etc\npmrc
7 verbose title npm view react-dom description dist-tags.latest homepage version time
8 verbose argv "view" "--json" "--" "react-dom" "description" "dist-tags.latest" "homepage" "version" "time"
9 verbose logfile logs-max:10 dir:c:\Users\computer hub\Desktop\nextjs\my-app\%APPDATA%\npm-cache\_logs\2025-11-23T11_12_23_038Z-
10 verbose logfile c:\Users\computer hub\Desktop\nextjs\my-app\%APPDATA%\npm-cache\_logs\2025-11-23T11_12_23_038Z-debug-0.log
11 silly logfile done cleaning log files
12 http fetch GET 200 https://registry.npmjs.org/npm 531ms
13 http fetch GET 200 https://registry.npmjs.org/react-dom 849ms (cache miss)
14 verbose cwd c:\Users\computer hub\Desktop\nextjs\my-app
15 verbose os Windows_NT 10.0.22631
16 verbose node v24.11.1
17 verbose npm  v11.6.0
18 notice
18 notice New patch version of npm available! 11.6.0 -> 11.6.3
18 notice Changelog: https://github.com/npm/cli/releases/tag/v11.6.3
18 notice To update run: npm install -g npm@11.6.3
18 notice  { force: true, Symbol(proc-log.meta): true }
19 verbose exit 0
20 info ok
